poetry run pre-commit run --all-files
Check for files larger than 5 MB.........................................[42mPassed[m
Detect IP addresses......................................................[42mPassed[m
Format frontend files....................................................[41mFailed[m
[2m- hook id: npm-format[m
[2m- files were modified by this hook[m

⠙[1G[0K⠹[1G[0K⠸[1G[0K⠼[1G[0K⠴[1G[0K⠦[1G[0K⠧[1G[0K⠇[1G[0K⠏[1G[0K⠋[1G[0K⠙[1G[0K⠹[1G[0K⠸[1G[0K⠼[1G[0K⠴[1G[0K[1mnpm[22m [33mwarn[39m [94mdeprecated[39m inflight@1.0.6: This module is not supported, and leaks memory. Do not use it. Check out lru-cache if you want a good and tested way to coalesce async requests by a key value, which is much more comprehensive and powerful.
⠴[1G[0K⠦[1G[0K[1mnpm[22m [33mwarn[39m [94mdeprecated[39m @humanwhocodes/config-array@0.13.0: Use @eslint/config-array instead
⠦[1G[0K[1mnpm[22m [33mwarn[39m [94mdeprecated[39m rimraf@3.0.2: Rimraf versions prior to v4 are no longer supported
⠦[1G[0K⠧[1G[0K[1mnpm[22m [33mwarn[39m [94mdeprecated[39m glob@7.2.3: Glob versions prior to v9 are no longer supported
⠧[1G[0K⠇[1G[0K⠏[1G[0K⠋[1G[0K⠙[1G[0K⠹[1G[0K[1mnpm[22m [33mwarn[39m [94mdeprecated[39m @humanwhocodes/object-schema@2.0.3: Use @eslint/object-schema instead
⠹[1G[0K⠸[1G[0K⠼[1G[0K⠴[1G[0K⠦[1G[0K⠧[1G[0K⠇[1G[0K⠏[1G[0K⠋[1G[0K⠙[1G[0K[1mnpm[22m [33mwarn[39m [94mdeprecated[39m node-domexception@1.0.0: Use your platform's native DOMException instead
⠙[1G[0K⠹[1G[0K⠸[1G[0K⠼[1G[0K⠴[1G[0K⠦[1G[0K⠧[1G[0K⠇[1G[0K⠏[1G[0K⠋[1G[0K⠙[1G[0K⠹[1G[0K⠸[1G[0K⠼[1G[0K⠴[1G[0K⠦[1G[0K⠧[1G[0K⠇[1G[0K⠏[1G[0K⠋[1G[0K⠙[1G[0K⠹[1G[0K⠸[1G[0K⠼[1G[0K⠴[1G[0K⠦[1G[0K⠧[1G[0K⠇[1G[0K⠏[1G[0K⠋[1G[0K⠙[1G[0K⠹[1G[0K⠸[1G[0K⠼[1G[0K⠴[1G[0K⠦[1G[0K⠧[1G[0K⠇[1G[0K⠏[1G[0K⠋[1G[0K⠙[1G[0K⠹[1G[0K⠸[1G[0K⠼[1G[0K⠴[1G[0K⠦[1G[0K⠧[1G[0K⠇[1G[0K⠏[1G[0K⠋[1G[0K⠙[1G[0K⠹[1G[0K⠸[1G[0K⠼[1G[0K⠴[1G[0K⠦[1G[0K⠧[1G[0K⠇[1G[0K⠏[1G[0K⠋[1G[0K⠙[1G[0K⠹[1G[0K⠸[1G[0K[1mnpm[22m [33mwarn[39m [94mdeprecated[39m eslint@8.57.1: This version is no longer supported. Please see https://eslint.org/version-support for other options.
⠸[1G[0K⠼[1G[0K⠴[1G[0K⠦[1G[0K⠧[1G[0K⠇[1G[0K⠏[1G[0K⠋[1G[0K⠙[1G[0K⠹[1G[0K⠸[1G[0K⠼[1G[0K⠴[1G[0K⠦[1G[0K⠧[1G[0K⠇[1G[0K⠏[1G[0K⠋[1G[0K⠙[1G[0K⠹[1G[0K⠸[1G[0K⠼[1G[0K⠴[1G[0K⠦[1G[0K⠧[1G[0K⠇[1G[0K⠏[1G[0K⠋[1G[0K⠙[1G[0K⠹[1G[0K⠸[1G[0K⠼[1G[0K⠴[1G[0K⠦[1G[0K⠧[1G[0K⠇[1G[0K⠏[1G[0K⠋[1G[0K⠙[1G[0K⠹[1G[0K⠸[1G[0K⠼[1G[0K⠴[1G[0K⠦[1G[0K⠧[1G[0K⠇[1G[0K⠏[1G[0K⠋[1G[0K⠙[1G[0K⠹[1G[0K⠸[1G[0K⠼[1G[0K⠴[1G[0K
added 965 packages, and audited 966 packages in 17s
⠴[1G[0K
⠴[1G[0K280 packages are looking for funding
⠴[1G[0K  run `npm fund` for details
⠴[1G[0K
[31m[1m12[22m[39m vulnerabilities (2 [33m[1mmoderate[22m[39m, 10 [31m[1mhigh[22m[39m)

To address issues that do not require attention, run:
  npm audit fix

To address all issues possible (including breaking changes), run:
  npm audit fix --force

Some issues need review, and may require choosing
a different dependency.

Run `npm audit` for details.
⠦[1G[0K
> frontend@0.1.0 prettier:fix
> prettier --write .

.eslintrc.json[2K[1G[90m.eslintrc.json[39m 36ms (unchanged)
.gitignore[2K[1G.prettierrc[2K[1G[90m.prettierrc[39m 31ms (unchanged)
app/favicon.ico[2K[1Gapp/generic-error/page.tsx[2K[1G[90mapp/generic-error/page.tsx[39m 79ms (unchanged)
app/global-error.tsx[2K[1G[90mapp/global-error.tsx[39m 6ms (unchanged)
app/globals.css[2K[1G[90mapp/globals.css[39m 19ms (unchanged)
app/health/route.ts[2K[1G[90mapp/health/route.ts[39m 3ms (unchanged)
app/layout.tsx[2K[1G[90mapp/layout.tsx[39m 5ms (unchanged)
app/new/layout.tsx[2K[1G[90mapp/new/layout.tsx[39m 2ms (unchanged)
app/new/page.tsx[2K[1G[90mapp/new/page.tsx[39m 6ms (unchanged)
app/new/record-audio/page.tsx[2K[1G[90mapp/new/record-audio/page.tsx[39m 3ms (unchanged)
app/new/record-virtual/page.tsx[2K[1G[90mapp/new/record-virtual/page.tsx[39m 3ms (unchanged)
app/new/upload/page.tsx[2K[1G[90mapp/new/upload/page.tsx[39m 3ms (unchanged)
app/page.tsx[2K[1G[90mapp/page.tsx[39m 3ms (unchanged)
app/privacy/page.tsx[2K[1G[90mapp/privacy/page.tsx[39m 8ms (unchanged)
app/recordings/[recordingId]/page.tsx[2K[1G[90mapp/recordings/[recordingId]/page.tsx[39m 5ms (unchanged)
app/settings/page.tsx[2K[1G[90mapp/settings/page.tsx[39m 10ms (unchanged)
app/support/page.tsx[2K[1G[90mapp/support/page.tsx[39m 4ms (unchanged)
app/templates/[templateId]/page.tsx[2K[1G[90mapp/templates/[templateId]/page.tsx[39m 6ms (unchanged)
app/templates/components/document-template-editor.tsx[2K[1G[90mapp/templates/components/document-template-editor.tsx[39m 7ms (unchanged)
app/templates/components/editor/editor-toolbar.tsx[2K[1G[90mapp/templates/components/editor/editor-toolbar.tsx[39m 9ms (unchanged)
app/templates/components/example-templates-dialog.tsx[2K[1G[90mapp/templates/components/example-templates-dialog.tsx[39m 5ms (unchanged)
app/templates/components/form-template-editor.tsx[2K[1G[90mapp/templates/components/form-template-editor.tsx[39m 14ms (unchanged)
app/templates/components/user-templates-list.tsx[2K[1G[90mapp/templates/components/user-templates-list.tsx[39m 9ms (unchanged)
app/templates/data/example-templates.ts[2K[1G[90mapp/templates/data/example-templates.ts[39m 5ms (unchanged)
app/templates/layout.tsx[2K[1G[90mapp/templates/layout.tsx[39m 3ms (unchanged)
app/templates/new/page.tsx[2K[1G[90mapp/templates/new/page.tsx[39m 7ms (unchanged)
app/templates/new/template-type-select.tsx[2K[1G[90mapp/templates/new/template-type-select.tsx[39m 4ms (unchanged)
app/templates/page.tsx[2K[1G[90mapp/templates/page.tsx[39m 2ms (unchanged)
app/transcriptions/[transcriptionId]/ChatTab/ChatTab.tsx[2K[1G[90mapp/transcriptions/[transcriptionId]/ChatTab/ChatTab.tsx[39m 15ms (unchanged)
app/transcriptions/[transcriptionId]/MinuteTab/components/editor/citation-popover.tsx[2K[1G[1A[2K[1G[90mapp/transcriptions/[transcriptionId]/MinuteTab/components/editor/citation-popover.tsx[39m 4ms (unchanged)
app/transcriptions/[transcriptionId]/MinuteTab/components/editor/Icons.tsx[2K[1G[90mapp/transcriptions/[transcriptionId]/MinuteTab/components/editor/Icons.tsx[39m 6ms (unchanged)
app/transcriptions/[transcriptionId]/MinuteTab/components/editor/tiptap-editor.tsx[2K[1G[1A[2K[1G[90mapp/transcriptions/[transcriptionId]/MinuteTab/components/editor/tiptap-editor.tsx[39m 10ms (unchanged)
app/transcriptions/[transcriptionId]/MinuteTab/components/rating-dialog/rating-dialog.tsx[2K[1G[1A[2K[1G[90mapp/transcriptions/[transcriptionId]/MinuteTab/components/rating-dialog/rating-dialog.tsx[39m 7ms (unchanged)
app/transcriptions/[transcriptionId]/MinuteTab/components/rating-dialog/rating.tsx[2K[1G[1A[2K[1G[90mapp/transcriptions/[transcriptionId]/MinuteTab/components/rating-dialog/rating.tsx[39m 4ms (unchanged)
app/transcriptions/[transcriptionId]/MinuteTab/minute-editor/ai-edit-popover.tsx[2K[1G[90mapp/transcriptions/[transcriptionId]/MinuteTab/minute-editor/ai-edit-popover.tsx[39m 4ms (unchanged)
app/transcriptions/[transcriptionId]/MinuteTab/minute-editor/minute-editor.tsx[2K[1G[90mapp/transcriptions/[transcriptionId]/MinuteTab/minute-editor/minute-editor.tsx[39m 10ms (unchanged)
app/transcriptions/[transcriptionId]/MinuteTab/minute-editor/minute-version-select.tsx[2K[1G[1A[2K[1G[90mapp/transcriptions/[transcriptionId]/MinuteTab/minute-editor/minute-version-select.tsx[39m 5ms (unchanged)
app/transcriptions/[transcriptionId]/MinuteTab/MinuteTab.tsx[2K[1G[90mapp/transcriptions/[transcriptionId]/MinuteTab/MinuteTab.tsx[39m 4ms (unchanged)
app/transcriptions/[transcriptionId]/MinuteTab/NewMinuteDialog.tsx[2K[1G[90mapp/transcriptions/[transcriptionId]/MinuteTab/NewMinuteDialog.tsx[39m 6ms (unchanged)
app/transcriptions/[transcriptionId]/page.tsx[2K[1G[90mapp/transcriptions/[transcriptionId]/page.tsx[39m 5ms (unchanged)
app/transcriptions/[transcriptionId]/TranscriptionTab/SpeakerEditor.tsx[2K[1G[90mapp/transcriptions/[transcriptionId]/TranscriptionTab/SpeakerEditor.tsx[39m 8ms (unchanged)
app/transcriptions/[transcriptionId]/TranscriptionTab/SpeakerNamePopover.tsx[2K[1G[90mapp/transcriptions/[transcriptionId]/TranscriptionTab/SpeakerNamePopover.tsx[39m 6ms (unchanged)
app/transcriptions/[transcriptionId]/TranscriptionTab/TranscriptionTab.tsx[2K[1G[90mapp/transcriptions/[transcriptionId]/TranscriptionTab/TranscriptionTab.tsx[39m 6ms (unchanged)
app/transcriptions/[transcriptionId]/TranscriptionTab/TranscriptionTextArea.tsx[2K[1G[90mapp/transcriptions/[transcriptionId]/TranscriptionTab/TranscriptionTextArea.tsx[39m 4ms (unchanged)
app/transcriptions/layout.tsx[2K[1G[90mapp/transcriptions/layout.tsx[39m 2ms (unchanged)
app/transcriptions/page.tsx[2K[1G[90mapp/transcriptions/page.tsx[39m 2ms (unchanged)
app/unauthorised/page.tsx[2K[1G[90mapp/unauthorised/page.tsx[39m 2ms (unchanged)
components.json[2K[1G[90mcomponents.json[39m 1ms (unchanged)
components/audio/audio-player.tsx[2K[1G[90mcomponents/audio/audio-player.tsx[39m 6ms (unchanged)
components/audio/AudioUploadForm.tsx[2K[1G[90mcomponents/audio/AudioUploadForm.tsx[39m 6ms (unchanged)
components/audio/discard-dialog.tsx[2K[1G[90mcomponents/audio/discard-dialog.tsx[39m 3ms (unchanged)
components/audio/mic-recorder.tsx[2K[1G[90mcomponents/audio/mic-recorder.tsx[39m 10ms (unchanged)
components/audio/microphone-permission.tsx[2K[1G[90mcomponents/audio/microphone-permission.tsx[39m 5ms (unchanged)
components/audio/recording-control.tsx[2K[1G[90mcomponents/audio/recording-control.tsx[39m 18ms (unchanged)
components/audio/start-transcription-section.tsx[2K[1G[90mcomponents/audio/start-transcription-section.tsx[39m 5ms (unchanged)
components/audio/tab-recorder/instructions.tsx[2K[1G[90mcomponents/audio/tab-recorder/instructions.tsx[39m 7ms (unchanged)
components/audio/tab-recorder/tab-recorder.tsx[2K[1G[90mcomponents/audio/tab-recorder/tab-recorder.tsx[39m 13ms (unchanged)
components/audio/types.ts[2K[1G[90mcomponents/audio/types.ts[39m 2ms (unchanged)
components/download-button.tsx[2K[1G[90mcomponents/download-button.tsx[39m 3ms (unchanged)
components/icons/AudioWav.tsx[2K[1G[90mcomponents/icons/AudioWav.tsx[39m 3ms (unchanged)
components/layout/alpha.tsx[2K[1G[90mcomponents/layout/alpha.tsx[39m 2ms (unchanged)
components/layout/footer.tsx[2K[1G[90mcomponents/layout/footer.tsx[39m 2ms (unchanged)
components/layout/header.tsx[2K[1G[90mcomponents/layout/header.tsx[39m 3ms (unchanged)
components/layout/nav-button.tsx[2K[1G[90mcomponents/layout/nav-button.tsx[39m 3ms (unchanged)
components/posthog-banner.tsx[2K[1G[90mcomponents/posthog-banner.tsx[39m 2ms (unchanged)
components/recent-meetings/delete-transcription-dialog.tsx[2K[1G[90mcomponents/recent-meetings/delete-transcription-dialog.tsx[39m 3ms (unchanged)
components/recent-meetings/offline-recordings.tsx[2K[1G[90mcomponents/recent-meetings/offline-recordings.tsx[39m 5ms (unchanged)
components/recent-meetings/paginated-transcriptions.tsx[2K[1G[90mcomponents/recent-meetings/paginated-transcriptions.tsx[39m 7ms (unchanged)
components/recent-meetings/rename-dialog.tsx[2K[1G[90mcomponents/recent-meetings/rename-dialog.tsx[39m 5ms (unchanged)
components/recent-meetings/transcription-card.tsx[2K[1G[90mcomponents/recent-meetings/transcription-card.tsx[39m 2ms (unchanged)
components/recent-meetings/transcription-list-item.tsx[2K[1G[90mcomponents/recent-meetings/transcription-list-item.tsx[39m 4ms (unchanged)
components/status-icon.tsx[2K[1G[90mcomponents/status-icon.tsx[39m 2ms (unchanged)
components/template-select/template-radio-group.tsx[2K[1G[90mcomponents/template-select/template-radio-group.tsx[39m 3ms (unchanged)
components/template-select/template-select.tsx[2K[1G[90mcomponents/template-select/template-select.tsx[39m 6ms (unchanged)
components/transcription-title-editor.tsx[2K[1G[90mcomponents/transcription-title-editor.tsx[39m 4ms (unchanged)
components/ui/accordion.tsx[2K[1G[90mcomponents/ui/accordion.tsx[39m 4ms (unchanged)
components/ui/alert-dialog.tsx[2K[1G[90mcomponents/ui/alert-dialog.tsx[39m 4ms (unchanged)
components/ui/alert.tsx[2K[1G[90mcomponents/ui/alert.tsx[39m 3ms (unchanged)
components/ui/badge.tsx[2K[1G[90mcomponents/ui/badge.tsx[39m 2ms (unchanged)
components/ui/button.tsx[2K[1G[90mcomponents/ui/button.tsx[39m 2ms (unchanged)
components/ui/card.tsx[2K[1G[90mcomponents/ui/card.tsx[39m 3ms (unchanged)
components/ui/checkbox.tsx[2K[1G[90mcomponents/ui/checkbox.tsx[39m 3ms (unchanged)
components/ui/citation-popover-wrapper.tsx[2K[1G[90mcomponents/ui/citation-popover-wrapper.tsx[39m 2ms (unchanged)
components/ui/collapsible.tsx[2K[1G[90mcomponents/ui/collapsible.tsx[39m 2ms (unchanged)
components/ui/copy-button.tsx[2K[1G[90mcomponents/ui/copy-button.tsx[39m 3ms (unchanged)
components/ui/dialog.tsx[2K[1G[90mcomponents/ui/dialog.tsx[39m 4ms (unchanged)
components/ui/history-back-button.tsx[2K[1G[90mcomponents/ui/history-back-button.tsx[39m 2ms (unchanged)
components/ui/input.tsx[2K[1G[90mcomponents/ui/input.tsx[39m 2ms (unchanged)
components/ui/label.tsx[2K[1G[90mcomponents/ui/label.tsx[39m 1ms (unchanged)
components/ui/popover.tsx[2K[1G[90mcomponents/ui/popover.tsx[39m 3ms (unchanged)
components/ui/radio-group.tsx[2K[1G[90mcomponents/ui/radio-group.tsx[39m 2ms (unchanged)
components/ui/select.tsx[2K[1G[90mcomponents/ui/select.tsx[39m 6ms (unchanged)
components/ui/separator.tsx[2K[1G[90mcomponents/ui/separator.tsx[39m 2ms (unchanged)
components/ui/sonner.tsx[2K[1G[90mcomponents/ui/sonner.tsx[39m 3ms (unchanged)
components/ui/tabs.tsx[2K[1G[90mcomponents/ui/tabs.tsx[39m 3ms (unchanged)
components/ui/textarea.tsx[2K[1G[90mcomponents/ui/textarea.tsx[39m 2ms (unchanged)
components/ui/tooltip.tsx[2K[1G[90mcomponents/ui/tooltip.tsx[39m 3ms (unchanged)
Dockerfile[2K[1GDockerfile.dev[2K[1Ghooks/use-citation-popover.tsx[2K[1G[90mhooks/use-citation-popover.tsx[39m 2ms (unchanged)
hooks/use-lock-navigation-context.tsx[2K[1G[90mhooks/use-lock-navigation-context.tsx[39m 2ms (unchanged)
hooks/use-mobile.ts[2K[1G[90mhooks/use-mobile.ts[39m 2ms (unchanged)
hooks/use-save-transcription.ts[2K[1G[90mhooks/use-save-transcription.ts[39m 2ms (unchanged)
hooks/use-tab-close-warning.ts[2K[1G[90mhooks/use-tab-close-warning.ts[39m 2ms (unchanged)
hooks/use-wake-lock.ts[2K[1G[90mhooks/use-wake-lock.ts[39m 2ms (unchanged)
hooks/useStartTranscription.ts[2K[1G[90mhooks/useStartTranscription.ts[39m 3ms (unchanged)
instrumentation-client.ts[2K[1G[90minstrumentation-client.ts[39m 1ms (unchanged)
instrumentation.ts[2K[1G[90minstrumentation.ts[39m 1ms (unchanged)
lib/citationRegex.ts[2K[1G[90mlib/citationRegex.ts[39m 1ms (unchanged)
lib/client/@tanstack/react-query.gen.ts[2K[1G[90mlib/client/@tanstack/react-query.gen.ts[39m 21ms (unchanged)
lib/client/client.gen.ts[2K[1G[90mlib/client/client.gen.ts[39m 2ms (unchanged)
lib/client/index.ts[2K[1G[90mlib/client/index.ts[39m 1ms (unchanged)
lib/client/sdk.gen.ts[2K[1G[90mlib/client/sdk.gen.ts[39m 9ms (unchanged)
lib/client/types.gen.ts[2K[1G[90mlib/client/types.gen.ts[39m 16ms (unchanged)
lib/download-word-doc.ts[2K[1G[90mlib/download-word-doc.ts[39m 3ms (unchanged)
lib/feature-flags.ts[2K[1G[90mlib/feature-flags.ts[39m 1ms (unchanged)
lib/getFileExtension.ts[2K[1G[90mlib/getFileExtension.ts[39m 3ms (unchanged)
lib/posthog.ts[2K[1G[90mlib/posthog.ts[39m 3ms (unchanged)
lib/utils.ts[2K[1G[90mlib/utils.ts[39m 2ms (unchanged)
middleware.ts[2K[1G[90mmiddleware.ts[39m 3ms (unchanged)
next.config.js[2K[1G[90mnext.config.js[39m 4ms (unchanged)
openapi-ts.config.ts[2K[1G[90mopenapi-ts.config.ts[39m 2ms (unchanged)
package-lock.json[2K[1G[90mpackage-lock.json[39m 28ms (unchanged)
package.json[2K[1G[90mpackage.json[39m 1ms (unchanged)
postcss.config.mjs[2K[1G[90mpostcss.config.mjs[39m 2ms (unchanged)
providers/posthog.tsx[2K[1G[90mproviders/posthog.tsx[39m 2ms (unchanged)
providers/TanstackQueryProvider.tsx[2K[1G[90mproviders/TanstackQueryProvider.tsx[39m 2ms (unchanged)
providers/transcription-db-provider.tsx[2K[1G[90mproviders/transcription-db-provider.tsx[39m 6ms (unchanged)
public/apple.svg[2K[1Gpublic/file.svg[2K[1Gpublic/globe.svg[2K[1Gpublic/next.svg[2K[1Gpublic/vercel.svg[2K[1Gpublic/window.svg[2K[1GREADME.md[2K[1G[90mREADME.md[39m 10ms (unchanged)
sentry.edge.config.ts[2K[1G[90msentry.edge.config.ts[39m 1ms (unchanged)
sentry.server.config.ts[2K[1G[90msentry.server.config.ts[39m 2ms (unchanged)
tsconfig.json[2K[1G[90mtsconfig.json[39m 1ms (unchanged)
types/declarations.d.ts[2K[1G[90mtypes/declarations.d.ts[39m 2ms (unchanged)
types/templates.ts[2K[1G[90mtypes/templates.ts[39m 2ms (unchanged)
utils/auth.ts[2K[1G[90mutils/auth.ts[39m 2ms (unchanged)
utils/citation-renderer.tsx[2K[1G[90mutils/citation-renderer.tsx[39m 3ms (unchanged)
⠙[1G[0K

ruff.....................................................................[41mFailed[m
[2m- hook id: ruff[m
[2m- exit code: 1[m
[2m- files were modified by this hook[m

[1mcommon/llm/adapters/azure_apim.py[0m[36m:[0m22[36m:[0m11[36m:[0m [1;31mARG002[0m Unused method argument: `kwargs`
[1;38;5;12m   |[0m
[1;38;5;12m20 |[0m         access_token: str,
[1;38;5;12m21 |[0m         subscription_key: str,
[1;38;5;12m22 |[0m         **kwargs: Any,
[1;38;5;12m   |[0m[1;38;5;9m           ^^^^^^[0m [1;38;5;9mARG002[0m
[1;38;5;12m23 |[0m     ) -> None:
[1;38;5;12m24 |[0m         self._deployment = deployment
[1;38;5;12m   |[0m

[1mcommon/llm/client.py[0m[36m:[0m65[36m:[0m5[36m:[0m [1;31mC901[0m `create_chatbot` is too complex (14 > 10)
[1;38;5;12m   |[0m
[1;38;5;12m65 |[0m def create_chatbot(model_type: str, model_name: str, temperature: float) -> ChatBot:
[1;38;5;12m   |[0m[1;38;5;9m     ^^^^^^^^^^^^^^[0m [1;38;5;9mC901[0m
[1;38;5;12m66 |[0m     """
[1;38;5;12m67 |[0m     Creates and returns a chatbot instance based on the specified model type and name.
[1;38;5;12m   |[0m

[1mcommon/llm/client.py[0m[36m:[0m65[36m:[0m5[36m:[0m [1;31mPLR0912[0m Too many branches (14 > 12)
[1;38;5;12m   |[0m
[1;38;5;12m65 |[0m def create_chatbot(model_type: str, model_name: str, temperature: float) -> ChatBot:
[1;38;5;12m   |[0m[1;38;5;9m     ^^^^^^^^^^^^^^[0m [1;38;5;9mPLR0912[0m
[1;38;5;12m66 |[0m     """
[1;38;5;12m67 |[0m     Creates and returns a chatbot instance based on the specified model type and name.
[1;38;5;12m   |[0m

[1mtest-apim.py[0m[36m:[0m15[36m:[0m15[36m:[0m [1;31mS105[0m Possible hardcoded password assigned to: "TOKEN_SCOPE"
[1;38;5;12m   |[0m
[1;38;5;12m13 |[0m DEPLOYMENT_ID = "minute-gpt4o"
[1;38;5;12m14 |[0m API_VERSION = "2024-10-21"
[1;38;5;12m15 |[0m TOKEN_SCOPE = "api://api.azc.test.communities.gov.uk/.default"
[1;38;5;12m   |[0m[1;38;5;9m               ^^^^^^^^^^^^^^^^^^^^^^^^^^^^^^^^^^^^^^^^^^^^^^^^[0m [1;38;5;9mS105[0m
[1;38;5;12m16 |[0m SUBSCRIPTION_KEY = "35ddfd28ad164ab79927019bea8fd901"
[1;38;5;12m17 |[0m BASE_URL = (
[1;38;5;12m   |[0m

[1mtest-apim.py[0m[36m:[0m35[36m:[0m13[36m:[0m [1;31mEM101[0m Exception must not use a string literal, assign to variable first
[1;38;5;12m   |[0m
[1;38;5;12m33 |[0m       if shutil.which("az") is None:
[1;38;5;12m34 |[0m           raise RuntimeError(
[1;38;5;12m35 |[0m               "Azure CLI is not available and no access token override was provided. "
[1;38;5;12m   |[0m  [1;38;5;9m_____________^[0m
[1;38;5;12m36 |[0m [1;38;5;9m|[0m             "Install Azure CLI or export APIM_ACCESS_TOKEN with a valid bearer token."
[1;38;5;12m   |[0m [1;38;5;9m|[0m[1;38;5;9m______________________________________________________________________________________^[0m [1;38;5;9mEM101[0m
[1;38;5;12m37 |[0m           )
[1;38;5;12m   |[0m
   [1;38;5;12m=[0m [1;38;5;14mhelp[0m: Assign to variable; remove string literal

[1mtest-apim.py[0m[36m:[0m50[36m:[0m18[36m:[0m [1;31mUP022[0m Prefer `capture_output` over sending `stdout` and `stderr` to `PIPE`
[1;38;5;12m   |[0m
[1;38;5;12m49 |[0m       try:
[1;38;5;12m50 |[0m           result = subprocess.run(
[1;38;5;12m   |[0m  [1;38;5;9m__________________^[0m
[1;38;5;12m51 |[0m [1;38;5;9m|[0m             command,
[1;38;5;12m52 |[0m [1;38;5;9m|[0m             check=True,
[1;38;5;12m53 |[0m [1;38;5;9m|[0m             stdout=subprocess.PIPE,
[1;38;5;12m54 |[0m [1;38;5;9m|[0m             stderr=subprocess.PIPE,
[1;38;5;12m55 |[0m [1;38;5;9m|[0m             text=True,
[1;38;5;12m56 |[0m [1;38;5;9m|[0m         )
[1;38;5;12m   |[0m [1;38;5;9m|[0m[1;38;5;9m_________^[0m [1;38;5;9mUP022[0m
[1;38;5;12m57 |[0m       except subprocess.CalledProcessError as exc:
[1;38;5;12m58 |[0m           print("Failed to fetch access token via Azure CLI.", file=sys.stderr)
[1;38;5;12m   |[0m
   [1;38;5;12m=[0m [1;38;5;14mhelp[0m: Replace with `capture_output` keyword argument

[1mtest-apim.py[0m[36m:[0m50[36m:[0m18[36m:[0m [1;31mS603[0m `subprocess` call: check for execution of untrusted input
[1;38;5;12m   |[0m
[1;38;5;12m49 |[0m     try:
[1;38;5;12m50 |[0m         result = subprocess.run(
[1;38;5;12m   |[0m[1;38;5;9m                  ^^^^^^^^^^^^^^[0m [1;38;5;9mS603[0m
[1;38;5;12m51 |[0m             command,
[1;38;5;12m52 |[0m             check=True,
[1;38;5;12m   |[0m

[1mtest-apim.py[0m[36m:[0m58[36m:[0m9[36m:[0m [1;31mT201[0m `print` found
[1;38;5;12m   |[0m
[1;38;5;12m56 |[0m         )
[1;38;5;12m57 |[0m     except subprocess.CalledProcessError as exc:
[1;38;5;12m58 |[0m         print("Failed to fetch access token via Azure CLI.", file=sys.stderr)
[1;38;5;12m   |[0m[1;38;5;9m         ^^^^^[0m [1;38;5;9mT201[0m
[1;38;5;12m59 |[0m         print(exc.stderr.strip(), file=sys.stderr)
[1;38;5;12m60 |[0m         print(
[1;38;5;12m   |[0m
   [1;38;5;12m=[0m [1;38;5;14mhelp[0m: Remove `print`

[1mtest-apim.py[0m[36m:[0m59[36m:[0m9[36m:[0m [1;31mT201[0m `print` found
[1;38;5;12m   |[0m
[1;38;5;12m57 |[0m     except subprocess.CalledProcessError as exc:
[1;38;5;12m58 |[0m         print("Failed to fetch access token via Azure CLI.", file=sys.stderr)
[1;38;5;12m59 |[0m         print(exc.stderr.strip(), file=sys.stderr)
[1;38;5;12m   |[0m[1;38;5;9m         ^^^^^[0m [1;38;5;9mT201[0m
[1;38;5;12m60 |[0m         print(
[1;38;5;12m61 |[0m             "Run `az login --scope "
[1;38;5;12m   |[0m
   [1;38;5;12m=[0m [1;38;5;14mhelp[0m: Remove `print`

[1mtest-apim.py[0m[36m:[0m60[36m:[0m9[36m:[0m [1;31mT201[0m `print` found
[1;38;5;12m   |[0m
[1;38;5;12m58 |[0m         print("Failed to fetch access token via Azure CLI.", file=sys.stderr)
[1;38;5;12m59 |[0m         print(exc.stderr.strip(), file=sys.stderr)
[1;38;5;12m60 |[0m         print(
[1;38;5;12m   |[0m[1;38;5;9m         ^^^^^[0m [1;38;5;9mT201[0m
[1;38;5;12m61 |[0m             "Run `az login --scope "
[1;38;5;12m62 |[0m             f"{TOKEN_SCOPE}` or export APIM_ACCESS_TOKEN before executing this script.",
[1;38;5;12m   |[0m
   [1;38;5;12m=[0m [1;38;5;14mhelp[0m: Remove `print`

[1mtest-apim.py[0m[36m:[0m103[36m:[0m5[36m:[0m [1;31mT201[0m `print` found
[1;38;5;12m    |[0m
[1;38;5;12m101 |[0m     ]
[1;38;5;12m102 |[0m     result = invoke_chat_completion(client, messages)
[1;38;5;12m103 |[0m     print(result)
[1;38;5;12m    |[0m[1;38;5;9m     ^^^^^[0m [1;38;5;9mT201[0m
[1;38;5;12m    |[0m
    [1;38;5;12m=[0m [1;38;5;14mhelp[0m: Remove `print`

Found 36 errors (25 fixed, 11 remaining).
No fixes available (6 hidden fixes can be enabled with the `--unsafe-fixes` option).

ruff-format..............................................................[41mFailed[m
[2m- hook id: ruff-format[m
[2m- files were modified by this hook[m

3 files reformatted, 118 files left unchanged

